2024-06-14 14:28:09.237  INFO 46128 --- [restartedMain] com.ogp.icms.IcmsApplication             : Starting IcmsApplication using Java 1.8.0_352 on choileui-MacBookPro.local with PID 46128 (/Users/choetaeyang/Documents/intelliJ/projects/icms/build/classes/java/main started by choetaeyang in /Users/choetaeyang/Documents/intelliJ/projects/icms)
2024-06-14 14:28:09.241  INFO 46128 --- [restartedMain] com.ogp.icms.IcmsApplication             : The following 1 profile is active: "dev"
2024-06-14 14:28:09.280  INFO 46128 --- [restartedMain] .e.DevToolsPropertyDefaultsPostProcessor : Devtools property defaults active! Set 'spring.devtools.add-properties' to 'false' to disable
2024-06-14 14:28:09.281  INFO 46128 --- [restartedMain] .e.DevToolsPropertyDefaultsPostProcessor : For additional web related logging consider setting the 'logging.level.web' property to 'DEBUG'
2024-06-14 14:28:09.754  INFO 46128 --- [restartedMain] .s.d.r.c.RepositoryConfigurationDelegate : Bootstrapping Spring Data JPA repositories in DEFAULT mode.
2024-06-14 14:28:09.825  INFO 46128 --- [restartedMain] .s.d.r.c.RepositoryConfigurationDelegate : Finished Spring Data repository scanning in 65 ms. Found 18 JPA repository interfaces.
2024-06-14 14:28:10.243  INFO 46128 --- [restartedMain] o.s.b.w.embedded.tomcat.TomcatWebServer  : Tomcat initialized with port(s): 80 (http)
2024-06-14 14:28:10.249  INFO 46128 --- [restartedMain] o.apache.catalina.core.StandardService   : Starting service [Tomcat]
2024-06-14 14:28:10.249  INFO 46128 --- [restartedMain] org.apache.catalina.core.StandardEngine  : Starting Servlet engine: [Apache Tomcat/9.0.62]
2024-06-14 14:28:10.395  INFO 46128 --- [restartedMain] org.apache.jasper.servlet.TldScanner     : At least one JAR was scanned for TLDs yet contained no TLDs. Enable debug logging for this logger for a complete list of JARs that were scanned but no TLDs were found in them. Skipping unneeded JARs during scanning can improve startup time and JSP compilation time.
2024-06-14 14:28:10.398  INFO 46128 --- [restartedMain] o.a.c.c.C.[Tomcat].[localhost].[/]       : Initializing Spring embedded WebApplicationContext
2024-06-14 14:28:10.399  INFO 46128 --- [restartedMain] w.s.c.ServletWebServerApplicationContext : Root WebApplicationContext: initialization completed in 1118 ms
2024-06-14 14:28:10.439  INFO 46128 --- [restartedMain] com.zaxxer.hikari.HikariDataSource       : HikariPool - Starting...
2024-06-14 14:28:10.532  INFO 46128 --- [restartedMain] com.zaxxer.hikari.HikariDataSource       : HikariPool - Start completed.
2024-06-14 14:28:10.635  INFO 46128 --- [restartedMain] o.hibernate.jpa.internal.util.LogHelper  : HHH000204: Processing PersistenceUnitInfo [name: default]
2024-06-14 14:28:10.663  INFO 46128 --- [restartedMain] org.hibernate.Version                    : HHH000412: Hibernate ORM core version 5.6.8.Final
2024-06-14 14:28:10.749  INFO 46128 --- [restartedMain] o.hibernate.annotations.common.Version   : HCANN000001: Hibernate Commons Annotations {5.1.2.Final}
2024-06-14 14:28:10.810  INFO 46128 --- [restartedMain] org.hibernate.dialect.Dialect            : HHH000400: Using dialect: org.hibernate.dialect.MariaDB53Dialect
2024-06-14 14:28:11.306  INFO 46128 --- [restartedMain] o.h.e.t.j.p.i.JtaPlatformInitiator       : HHH000490: Using JtaPlatform implementation: [org.hibernate.engine.transaction.jta.platform.internal.NoJtaPlatform]
2024-06-14 14:28:11.311  INFO 46128 --- [restartedMain] j.LocalContainerEntityManagerFactoryBean : Initialized JPA EntityManagerFactory for persistence unit 'default'
2024-06-14 14:28:12.140  WARN 46128 --- [restartedMain] JpaBaseConfiguration$JpaWebConfiguration : spring.jpa.open-in-view is enabled by default. Therefore, database queries may be performed during view rendering. Explicitly configure spring.jpa.open-in-view to disable this warning
2024-06-14 14:28:12.250  INFO 46128 --- [restartedMain] o.s.b.a.w.s.WelcomePageHandlerMapping    : Adding welcome page template: index
2024-06-14 14:28:12.342  INFO 46128 --- [restartedMain] o.s.b.d.a.OptionalLiveReloadServer       : LiveReload server is running on port 35729
2024-06-14 14:28:12.379  INFO 46128 --- [restartedMain] o.s.b.w.embedded.tomcat.TomcatWebServer  : Tomcat started on port(s): 80 (http) with context path ''
2024-06-14 14:28:12.380  INFO 46128 --- [restartedMain] o.s.m.s.b.SimpleBrokerMessageHandler     : Starting...
2024-06-14 14:28:12.380  INFO 46128 --- [restartedMain] o.s.m.s.b.SimpleBrokerMessageHandler     : BrokerAvailabilityEvent[available=true, SimpleBrokerMessageHandler [org.springframework.messaging.simp.broker.DefaultSubscriptionRegistry@414b3906]]
2024-06-14 14:28:12.380  INFO 46128 --- [restartedMain] o.s.m.s.b.SimpleBrokerMessageHandler     : Started.
2024-06-14 14:28:12.387  INFO 46128 --- [restartedMain] com.ogp.icms.IcmsApplication             : Started IcmsApplication in 3.425 seconds (JVM running for 3.942)
2024-06-14 14:28:27.688  INFO 46128 --- [http-nio-80-exec-1] o.a.c.c.C.[Tomcat].[localhost].[/]       : Initializing Spring DispatcherServlet 'dispatcherServlet'
2024-06-14 14:28:27.689  INFO 46128 --- [http-nio-80-exec-1] o.s.web.servlet.DispatcherServlet        : Initializing Servlet 'dispatcherServlet'
2024-06-14 14:28:27.693  INFO 46128 --- [http-nio-80-exec-1] o.s.web.servlet.DispatcherServlet        : Completed initialization in 4 ms
2024-06-14 14:29:12.029  INFO 46128 --- [MessageBroker-1] o.s.w.s.c.WebSocketMessageBrokerStats    : WebSocketSession[0 current WS(0)-HttpStream(0)-HttpPoll(0), 0 total, 0 closed abnormally (0 connect failure, 0 send limit, 0 transport error)], stompSubProtocol[processed CONNECT(0)-CONNECTED(0)-DISCONNECT(0)], stompBrokerRelay[null], inboundChannel[pool size = 0, active threads = 0, queued tasks = 0, completed tasks = 0], outboundChannel[pool size = 0, active threads = 0, queued tasks = 0, completed tasks = 0], sockJsScheduler[pool size = 1, active threads = 1, queued tasks = 0, completed tasks = 0]
2024-06-14 14:33:05.032  INFO 46128 --- [SpringApplicationShutdownHook] o.s.m.s.b.SimpleBrokerMessageHandler     : Stopping...
2024-06-14 14:33:05.033  INFO 46128 --- [SpringApplicationShutdownHook] o.s.m.s.b.SimpleBrokerMessageHandler     : BrokerAvailabilityEvent[available=false, SimpleBrokerMessageHandler [org.springframework.messaging.simp.broker.DefaultSubscriptionRegistry@414b3906]]
2024-06-14 14:33:05.033  INFO 46128 --- [SpringApplicationShutdownHook] o.s.m.s.b.SimpleBrokerMessageHandler     : Stopped.
2024-06-14 14:33:05.057  INFO 46128 --- [SpringApplicationShutdownHook] j.LocalContainerEntityManagerFactoryBean : Closing JPA EntityManagerFactory for persistence unit 'default'
2024-06-14 14:33:05.062  INFO 46128 --- [SpringApplicationShutdownHook] com.zaxxer.hikari.HikariDataSource       : HikariPool - Shutdown initiated...
2024-06-14 14:33:05.079  INFO 46128 --- [SpringApplicationShutdownHook] com.zaxxer.hikari.HikariDataSource       : HikariPool - Shutdown completed.
